#
# There is insufficient memory for the Java Runtime Environment to continue.
# Native memory allocation (malloc) failed to allocate 1331080 bytes. Error detail: Chunk::new
# Possible reasons:
#   The system is out of physical RAM or swap space
#   This process is running with CompressedOops enabled, and the Java Heap may be blocking the growth of the native heap
# Possible solutions:
#   Reduce memory load on the system
#   Increase physical memory or swap space
#   Check if swap backing store is full
#   Decrease Java heap size (-Xmx/-Xms)
#   Decrease number of Java threads
#   Decrease Java thread stack sizes (-Xss)
#   Set larger code cache with -XX:ReservedCodeCacheSize=
#   JVM is running with Unscaled Compressed Oops mode in which the Java heap is
#     placed in the first 4GB address space. The Java Heap base address is the
#     maximum limit for the native heap growth. Please use -XX:HeapBaseMinAddress
#     to set the Java Heap base and to place the Java Heap above 4GB virtual address.
# This output file may be truncated or incomplete.
#
#  Out of Memory Error (arena.cpp:186), pid=1652, tid=12000
#
# JRE version: OpenJDK Runtime Environment (25.0+36) (build 25+36-3489)
# Java VM: OpenJDK 64-Bit Server VM (25+36-3489, mixed mode, sharing, tiered, compressed oops, compressed class ptrs, g1 gc, windows-amd64)
# No core dump will be written. Minidumps are not enabled by default on client versions of Windows
#

---------------  S U M M A R Y ------------

Command Line: -javaagent:D:\intelliJ\IntelliJ IDEA Community Edition 2025.1.2\lib\idea_rt.jar=55783 -Dfile.encoding=UTF-8 -Dsun.stdout.encoding=UTF-8 -Dsun.stderr.encoding=UTF-8 com.example.Gateway.GatewayApplication

Host: 11th Gen Intel(R) Core(TM) i5-1135G7 @ 2.40GHz, 8 cores, 7G,  Windows 11 , 64 bit Build 26100 (10.0.26100.7309)
Time: Tue Jan 20 16:07:47 2026 India Standard Time elapsed time: 394.197075 seconds (0d 0h 6m 34s)

---------------  T H R E A D  ---------------

Current thread (0x000001fce58ba960):  JavaThread "C2 CompilerThread0" daemon [_thread_in_native, id=12000, stack(0x00000029fb000000,0x00000029fb100000) (1024K)]


Current CompileTask:
C2:394198 7590   !   4       org.springframework.boot.context.properties.source.SpringConfigurationPropertySource::getConfigurationProperty (119 bytes)

Stack: [0x00000029fb000000,0x00000029fb100000]
Native frames: (J=compiled Java code, j=interpreted, Vv=VM code, C=native code)
V  [jvm.dll+0x7a6a39]  (no source info available)
V  [jvm.dll+0x7727ed]  (no source info available)
V  [jvm.dll+0x965f33]  (no source info available)
V  [jvm.dll+0x968531]  (no source info available)
V  [jvm.dll+0x968c33]  (no source info available)
V  [jvm.dll+0x2fc756]  (no source info available)
V  [jvm.dll+0x111b26]  (no source info available)
V  [jvm.dll+0x111e4e]  (no source info available)
V  [jvm.dll+0x452407]  (no source info available)
V  [jvm.dll+0x254b48]  (no source info available)
V  [jvm.dll+0x2c093c]  (no source info available)
V  [jvm.dll+0x2bfa8f]  (no source info available)
V  [jvm.dll+0x237b60]  (no source info available)
V  [jvm.dll+0x2cfb56]  (no source info available)
V  [jvm.dll+0x2cddd5]  (no source info available)
V  [jvm.dll+0x48e671]  (no source info available)
V  [jvm.dll+0x90681d]  (no source info available)
V  [jvm.dll+0x7a5015]  (no source info available)
C  [ucrtbase.dll+0x37b0]  (no source info available)
C  [KERNEL32.DLL+0x2e8d7]  (no source info available)
C  [ntdll.dll+0x8c53c]  (no source info available)

Lock stack of current Java thread (top to bottom):


---------------  P R O C E S S  ---------------

Threads class SMR info:
_java_thread_list=0x000001fcefe4c180, length=23, elements={
0x000001fce58854a0, 0x000001fce5885f00, 0x000001fce588add0, 0x000001fce588bc10,
0x000001fce588d940, 0x000001fce5890510, 0x000001fce58ba960, 0x000001fce58c5370,
0x000001fce82ea6d0, 0x000001fce88a10b0, 0x000001fce88a1870, 0x000001fcef83f670,
0x000001fcedd88850, 0x000001fcedd88080, 0x000001fcedd822c0, 0x000001fce8a118a0,
0x000001fce8a0f960, 0x000001fce8a13010, 0x000001fce8a12840, 0x000001fce8a13fb0,
0x000001fce8a110d0, 0x000001fce8a15720, 0x000001fcee6e3c80
}

Java Threads: ( => current thread )
  0x000001fce58854a0 JavaThread "Reference Handler"          daemon [_thread_blocked, id=12484, stack(0x00000029faa00000,0x00000029fab00000) (1024K)]
  0x000001fce5885f00 JavaThread "Finalizer"                  daemon [_thread_blocked, id=16680, stack(0x00000029fab00000,0x00000029fac00000) (1024K)]
  0x000001fce588add0 JavaThread "Signal Dispatcher"          daemon [_thread_blocked, id=17492, stack(0x00000029fac00000,0x00000029fad00000) (1024K)]
  0x000001fce588bc10 JavaThread "Attach Listener"            daemon [_thread_blocked, id=7940, stack(0x00000029fad00000,0x00000029fae00000) (1024K)]
  0x000001fce588d940 JavaThread "Service Thread"             daemon [_thread_blocked, id=21204, stack(0x00000029fae00000,0x00000029faf00000) (1024K)]
  0x000001fce5890510 JavaThread "Monitor Deflation Thread"   daemon [_thread_blocked, id=10552, stack(0x00000029faf00000,0x00000029fb000000) (1024K)]
=>0x000001fce58ba960 JavaThread "C2 CompilerThread0"         daemon [_thread_in_native, id=12000, stack(0x00000029fb000000,0x00000029fb100000) (1024K)]
  0x000001fce58c5370 JavaThread "C1 CompilerThread0"         daemon [_thread_blocked, id=3116, stack(0x00000029fb100000,0x00000029fb200000) (1024K)]
  0x000001fce82ea6d0 JavaThread "Common-Cleaner"             daemon [_thread_blocked, id=4768, stack(0x00000029fb200000,0x00000029fb300000) (1024K)]
  0x000001fce88a10b0 JavaThread "Monitor Ctrl-Break"         daemon [_thread_in_native, id=19564, stack(0x00000029fb300000,0x00000029fb400000) (1024K)]
  0x000001fce88a1870 JavaThread "Notification Thread"        daemon [_thread_blocked, id=11328, stack(0x00000029fb400000,0x00000029fb500000) (1024K)]
  0x000001fcef83f670 JavaThread "boundedElastic-evictor-1"   daemon [_thread_blocked, id=9836, stack(0x00000029fb500000,0x00000029fb600000) (1024K)]
  0x000001fcedd88850 JavaThread "spectator-gauge-polling-0"  daemon [_thread_blocked, id=19728, stack(0x00000029fc100000,0x00000029fc200000) (1024K)]
  0x000001fcedd88080 JavaThread "AsyncResolver-bootstrap-%d" daemon [_thread_blocked, id=11476, stack(0x00000029fbb00000,0x00000029fbc00000) (1024K)]
  0x000001fcedd822c0 JavaThread "DiscoveryClient-%d"         daemon [_thread_blocked, id=19252, stack(0x00000029fc200000,0x00000029fc300000) (1024K)]
  0x000001fce8a118a0 JavaThread "DiscoveryClient-%d"         daemon [_thread_blocked, id=24948, stack(0x00000029fc300000,0x00000029fc400000) (1024K)]
  0x000001fce8a0f960 JavaThread "DiscoveryClient-InstanceInfoReplicator-%d" daemon [_thread_blocked, id=1192, stack(0x00000029fc400000,0x00000029fc500000) (1024K)]
  0x000001fce8a13010 JavaThread "reactor-http-nio-1"         daemon [_thread_in_native, id=19112, stack(0x00000029fc500000,0x00000029fc600000) (1024K)]
  0x000001fce8a12840 JavaThread "server"                            [_thread_blocked, id=5180, stack(0x00000029fc600000,0x00000029fc700000) (1024K)]
  0x000001fce8a13fb0 JavaThread "DestroyJavaVM"                     [_thread_blocked, id=10616, stack(0x00000029fa200000,0x00000029fa300000) (1024K)]
  0x000001fce8a110d0 JavaThread "DiscoveryClient-CacheRefreshExecutor-%d" daemon [_thread_blocked, id=7584, stack(0x00000029fc800000,0x00000029fc900000) (1024K)]
  0x000001fce8a15720 JavaThread "DiscoveryClient-HeartbeatExecutor-%d" daemon [_thread_blocked, id=8748, stack(0x00000029fc900000,0x00000029fca00000) (1024K)]
  0x000001fcee6e3c80 JavaThread "AsyncResolver-bootstrap-executor-%d" daemon [_thread_blocked, id=3788, stack(0x00000029fa100000,0x00000029fa200000) (1024K)]
Total: 23

Other Threads:
  0x000001fce5874d60 VMThread "VM Thread"                           [id=6620, stack(0x00000029fa900000,0x00000029faa00000) (1024K)]
  0x000001fce5867010 WatcherThread "VM Periodic Task Thread"        [id=11360, stack(0x00000029fa800000,0x00000029fa900000) (1024K)]
  0x000001fccb2cd940 WorkerThread "GC Thread#0"                     [id=10460, stack(0x00000029fa300000,0x00000029fa400000) (1024K)]
  0x000001fced3a6630 WorkerThread "GC Thread#1"                     [id=13708, stack(0x00000029fb600000,0x00000029fb700000) (1024K)]
  0x000001fced3a7320 WorkerThread "GC Thread#2"                     [id=14924, stack(0x00000029fb700000,0x00000029fb800000) (1024K)]
  0x000001fced3a7bc0 WorkerThread "GC Thread#3"                     [id=3224, stack(0x00000029fb800000,0x00000029fb900000) (1024K)]
  0x000001fced3a6a80 WorkerThread "GC Thread#4"                     [id=8556, stack(0x00000029fb900000,0x00000029fba00000) (1024K)]
  0x000001fced8f4130 WorkerThread "GC Thread#5"                     [id=8488, stack(0x00000029fbc00000,0x00000029fbd00000) (1024K)]
  0x000001fced8f81e0 WorkerThread "GC Thread#6"                     [id=22620, stack(0x00000029fbd00000,0x00000029fbe00000) (1024K)]
  0x000001fced8f4580 WorkerThread "GC Thread#7"                     [id=11152, stack(0x00000029fbe00000,0x00000029fbf00000) (1024K)]
  0x000001fccb2e3730 ConcurrentGCThread "G1 Main Marker"            [id=19248, stack(0x00000029fa400000,0x00000029fa500000) (1024K)]
  0x000001fce5712b00 WorkerThread "G1 Conc#0"                       [id=7668, stack(0x00000029fa500000,0x00000029fa600000) (1024K)]
  0x000001fced8fa010 WorkerThread "G1 Conc#1"                       [id=10408, stack(0x00000029fbf00000,0x00000029fc000000) (1024K)]
  0x000001fccb31ea20 ConcurrentGCThread "G1 Refine#0"               [id=6024, stack(0x00000029fa600000,0x00000029fa700000) (1024K)]
  0x000001fce5734760 ConcurrentGCThread "G1 Service"                [id=18260, stack(0x00000029fa700000,0x00000029fa800000) (1024K)]
Total: 15

Threads with active compile tasks:
C2 CompilerThread0  394395 7590   !   4       org.springframework.boot.context.properties.source.SpringConfigurationPropertySource::getConfigurationProperty (119 bytes)
Total: 1

VM state: not at safepoint (normal execution)

VM Mutex/Monitor currently owned by a thread: None

Heap address: 0x0000000083200000, size: 1998 MB, Compressed Oops mode: 32-bit

CDS archive(s) mapped at: [0x000000001a000000-0x000000001add0000-0x000000001add0000), size 14483456, SharedBaseAddress: 0x000000001a000000, ArchiveRelocationMode: 1.
Compressed class space mapped at: 0x000000001b000000-0x000000005b000000, reserved size: 1073741824
UseCompressedClassPointers 1, UseCompactObjectHeaders 0
Narrow klass pointer bits 32, Max shift 3
Narrow klass base: 0x000000001a000000, Narrow klass shift: 0
Encoding Range: [0x000000001a000000 - 0x000000011a000000), (4294967296 bytes)
Klass Range:    [0x000000001a010000 - 0x000000005b000000), (1090453504 bytes)
Klass ID Range:  [65536 - 1090519033) (1090453497)
Protection zone: [0x000000001a000000 - 0x000000001a010000), (65536 bytes)

GC Precious Log:
 CardTable entry size: 512
 Card Set container configuration: InlinePtr #cards 5 size 8 Array Of Cards #cards 10 size 36 Howl #buckets 4 coarsen threshold 1843 Howl Bitmap #cards 512 size 80 coarsen threshold 460 Card regions per heap region 1 cards per card region 2048
 CPUs: 8 total, 8 available
 Memory: 7991M
 Large Page Support: Disabled
 NUMA Support: Disabled
 Compressed Oops: Enabled (32-bit)
 Heap Region Size: 1M
 Heap Min Capacity: 8M
 Heap Initial Capacity: 126M
 Heap Max Capacity: 1998M
 Pre-touch: Disabled
 Parallel Workers: 8
 Concurrent Workers: 2
 Concurrent Refinement Workers: 8
 Periodic GC: Disabled

Heap:
 garbage-first heap   total reserved 2045952K, committed 73728K, used 46838K [0x0000000083200000, 0x0000000100000000)
  region size 1024K, 23 young (23552K), 5 survivors (5120K)

Heap Regions: E=young(eden), S=young(survivor), O=old, HS=humongous(starts), HC=humongous(continues), CS=collection set, F=free, TAMS=top-at-mark-start, PB=parsable bottom
|   0|0x0000000083200000, 0x0000000083300000, 0x0000000083300000|100%|HS|  |TAMS 0x0000000083200000| PB 0x0000000083200000| Complete |  0
|   1|0x0000000083300000, 0x0000000083400000, 0x0000000083400000|100%| O|  |TAMS 0x0000000083300000| PB 0x0000000083300000| Untracked |  0
|   2|0x0000000083400000, 0x0000000083500000, 0x0000000083500000|100%| O|  |TAMS 0x0000000083400000| PB 0x0000000083400000| Untracked |  0
|   3|0x0000000083500000, 0x0000000083600000, 0x0000000083600000|100%| O|  |TAMS 0x0000000083500000| PB 0x0000000083500000| Untracked |  0
|   4|0x0000000083600000, 0x0000000083700000, 0x0000000083700000|100%| O|  |TAMS 0x0000000083600000| PB 0x0000000083600000| Untracked |  0
|   5|0x0000000083700000, 0x0000000083800000, 0x0000000083800000|100%| O|  |TAMS 0x0000000083700000| PB 0x0000000083700000| Untracked |  0
|   6|0x0000000083800000, 0x0000000083900000, 0x0000000083900000|100%| O|  |TAMS 0x0000000083800000| PB 0x0000000083800000| Untracked |  0
|   7|0x0000000083900000, 0x0000000083a00000, 0x0000000083a00000|100%| O|  |TAMS 0x0000000083900000| PB 0x0000000083900000| Untracked |  0
|   8|0x0000000083a00000, 0x0000000083b00000, 0x0000000083b00000|100%| O|  |TAMS 0x0000000083a00000| PB 0x0000000083a00000| Untracked |  0
|   9|0x0000000083b00000, 0x0000000083c00000, 0x0000000083c00000|100%| O|  |TAMS 0x0000000083b00000| PB 0x0000000083b00000| Untracked |  0
|  10|0x0000000083c00000, 0x0000000083d00000, 0x0000000083d00000|100%| O|  |TAMS 0x0000000083c00000| PB 0x0000000083c00000| Untracked |  0
|  11|0x0000000083d00000, 0x0000000083d00000, 0x0000000083e00000|  0%| F|  |TAMS 0x0000000083d00000| PB 0x0000000083d00000| Untracked |  0
|  12|0x0000000083e00000, 0x0000000083f00000, 0x0000000083f00000|100%| O|  |TAMS 0x0000000083e00000| PB 0x0000000083e00000| Untracked |  0
|  13|0x0000000083f00000, 0x0000000084000000, 0x0000000084000000|100%| O|  |TAMS 0x0000000083f00000| PB 0x0000000083f00000| Untracked |  0
|  14|0x0000000084000000, 0x0000000084100000, 0x0000000084100000|100%| O|  |TAMS 0x0000000084000000| PB 0x0000000084000000| Untracked |  0
|  15|0x0000000084100000, 0x0000000084200000, 0x0000000084200000|100%| O|  |TAMS 0x0000000084100000| PB 0x0000000084100000| Untracked |  0
|  16|0x0000000084200000, 0x0000000084300000, 0x0000000084300000|100%| O|  |TAMS 0x0000000084200000| PB 0x0000000084200000| Untracked |  0
|  17|0x0000000084300000, 0x0000000084400000, 0x0000000084400000|100%| O|  |TAMS 0x0000000084300000| PB 0x0000000084300000| Untracked |  0
|  18|0x0000000084400000, 0x0000000084500000, 0x0000000084500000|100%| O|  |TAMS 0x0000000084400000| PB 0x0000000084400000| Untracked |  0
|  19|0x0000000084500000, 0x00000000845bda80, 0x0000000084600000| 74%| O|  |TAMS 0x0000000084500000| PB 0x0000000084500000| Untracked |  0
|  20|0x0000000084600000, 0x0000000084600000, 0x0000000084700000|  0%| F|  |TAMS 0x0000000084600000| PB 0x0000000084600000| Untracked |  0
|  21|0x0000000084700000, 0x0000000084700000, 0x0000000084800000|  0%| F|  |TAMS 0x0000000084700000| PB 0x0000000084700000| Untracked |  0
|  22|0x0000000084800000, 0x0000000084800000, 0x0000000084900000|  0%| F|  |TAMS 0x0000000084800000| PB 0x0000000084800000| Untracked |  0
|  23|0x0000000084900000, 0x0000000084900000, 0x0000000084a00000|  0%| F|  |TAMS 0x0000000084900000| PB 0x0000000084900000| Untracked |  0
|  24|0x0000000084a00000, 0x0000000084a00000, 0x0000000084b00000|  0%| F|  |TAMS 0x0000000084a00000| PB 0x0000000084a00000| Untracked |  0
|  25|0x0000000084b00000, 0x0000000084b00000, 0x0000000084c00000|  0%| F|  |TAMS 0x0000000084b00000| PB 0x0000000084b00000| Untracked |  0
|  26|0x0000000084c00000, 0x0000000084c00000, 0x0000000084d00000|  0%| F|  |TAMS 0x0000000084c00000| PB 0x0000000084c00000| Untracked |  0
|  27|0x0000000084d00000, 0x0000000084e00000, 0x0000000084e00000|100%| S|CS|TAMS 0x0000000084d00000| PB 0x0000000084d00000| Complete |  0
|  28|0x0000000084e00000, 0x0000000084e00000, 0x0000000084f00000|  0%| F|  |TAMS 0x0000000084e00000| PB 0x0000000084e00000| Untracked |  0
|  29|0x0000000084f00000, 0x0000000084f00000, 0x0000000085000000|  0%| F|  |TAMS 0x0000000084f00000| PB 0x0000000084f00000| Untracked |  0
|  30|0x0000000085000000, 0x0000000085000000, 0x0000000085100000|  0%| F|  |TAMS 0x0000000085000000| PB 0x0000000085000000| Untracked |  0
|  31|0x0000000085100000, 0x0000000085200000, 0x0000000085200000|100%| S|CS|TAMS 0x0000000085100000| PB 0x0000000085100000| Complete |  0
|  32|0x0000000085200000, 0x0000000085300000, 0x0000000085300000|100%| S|CS|TAMS 0x0000000085200000| PB 0x0000000085200000| Complete |  0
|  33|0x0000000085300000, 0x0000000085400000, 0x0000000085400000|100%| S|CS|TAMS 0x0000000085300000| PB 0x0000000085300000| Complete |  0
|  34|0x0000000085400000, 0x0000000085500000, 0x0000000085500000|100%| S|CS|TAMS 0x0000000085400000| PB 0x0000000085400000| Complete |  0
|  35|0x0000000085500000, 0x0000000085500000, 0x0000000085600000|  0%| F|  |TAMS 0x0000000085500000| PB 0x0000000085500000| Untracked |  0
|  36|0x0000000085600000, 0x0000000085600000, 0x0000000085700000|  0%| F|  |TAMS 0x0000000085600000| PB 0x0000000085600000| Untracked |  0
|  37|0x0000000085700000, 0x0000000085700000, 0x0000000085800000|  0%| F|  |TAMS 0x0000000085700000| PB 0x0000000085700000| Untracked |  0
|  38|0x0000000085800000, 0x0000000085800000, 0x0000000085900000|  0%| F|  |TAMS 0x0000000085800000| PB 0x0000000085800000| Untracked |  0
|  39|0x0000000085900000, 0x0000000085900000, 0x0000000085a00000|  0%| F|  |TAMS 0x0000000085900000| PB 0x0000000085900000| Untracked |  0
|  40|0x0000000085a00000, 0x0000000085a00000, 0x0000000085b00000|  0%| F|  |TAMS 0x0000000085a00000| PB 0x0000000085a00000| Untracked |  0
|  41|0x0000000085b00000, 0x0000000085b00000, 0x0000000085c00000|  0%| F|  |TAMS 0x0000000085b00000| PB 0x0000000085b00000| Untracked |  0
|  42|0x0000000085c00000, 0x0000000085c00000, 0x0000000085d00000|  0%| F|  |TAMS 0x0000000085c00000| PB 0x0000000085c00000| Untracked |  0
|  43|0x0000000085d00000, 0x0000000085d00000, 0x0000000085e00000|  0%| F|  |TAMS 0x0000000085d00000| PB 0x0000000085d00000| Untracked |  0
|  44|0x0000000085e00000, 0x0000000085e00000, 0x0000000085f00000|  0%| F|  |TAMS 0x0000000085e00000| PB 0x0000000085e00000| Untracked |  0
|  45|0x0000000085f00000, 0x0000000085f00000, 0x0000000086000000|  0%| F|  |TAMS 0x0000000085f00000| PB 0x0000000085f00000| Untracked |  0
|  46|0x0000000086000000, 0x0000000086000000, 0x0000000086100000|  0%| F|  |TAMS 0x0000000086000000| PB 0x0000000086000000| Untracked |  0
|  47|0x0000000086100000, 0x0000000086100000, 0x0000000086200000|  0%| F|  |TAMS 0x0000000086100000| PB 0x0000000086100000| Untracked |  0
|  48|0x0000000086200000, 0x0000000086200000, 0x0000000086300000|  0%| F|  |TAMS 0x0000000086200000| PB 0x0000000086200000| Untracked |  0
|  49|0x0000000086300000, 0x00000000863be8f8, 0x0000000086400000| 74%| E|  |TAMS 0x0000000086300000| PB 0x0000000086300000| Complete |  1
|  50|0x0000000086400000, 0x0000000086500000, 0x0000000086500000|100%| E|CS|TAMS 0x0000000086400000| PB 0x0000000086400000| Complete |  0
|  51|0x0000000086500000, 0x0000000086600000, 0x0000000086600000|100%| E|CS|TAMS 0x0000000086500000| PB 0x0000000086500000| Complete |  0
|  52|0x0000000086600000, 0x0000000086700000, 0x0000000086700000|100%| E|CS|TAMS 0x0000000086600000| PB 0x0000000086600000| Complete |  0
|  53|0x0000000086700000, 0x0000000086800000, 0x0000000086800000|100%| E|CS|TAMS 0x0000000086700000| PB 0x0000000086700000| Complete |  0
|  54|0x0000000086800000, 0x0000000086900000, 0x0000000086900000|100%| E|CS|TAMS 0x0000000086800000| PB 0x0000000086800000| Complete |  0
|  55|0x0000000086900000, 0x0000000086a00000, 0x0000000086a00000|100%| E|CS|TAMS 0x0000000086900000| PB 0x0000000086900000| Complete |  0
|  56|0x0000000086a00000, 0x0000000086b00000, 0x0000000086b00000|100%| E|CS|TAMS 0x0000000086a00000| PB 0x0000000086a00000| Complete |  0
|  57|0x0000000086b00000, 0x0000000086c00000, 0x0000000086c00000|100%| E|CS|TAMS 0x0000000086b00000| PB 0x0000000086b00000| Complete |  0
|  58|0x0000000086c00000, 0x0000000086d00000, 0x0000000086d00000|100%| E|CS|TAMS 0x0000000086c00000| PB 0x0000000086c00000| Complete |  0
|  59|0x0000000086d00000, 0x0000000086e00000, 0x0000000086e00000|100%| E|CS|TAMS 0x0000000086d00000| PB 0x0000000086d00000| Complete |  0
|  66|0x0000000087400000, 0x0000000087500000, 0x0000000087500000|100%| E|CS|TAMS 0x0000000087400000| PB 0x0000000087400000| Complete |  0
|  67|0x0000000087500000, 0x0000000087600000, 0x0000000087600000|100%| E|CS|TAMS 0x0000000087500000| PB 0x0000000087500000| Complete |  0
|  68|0x0000000087600000, 0x0000000087700000, 0x0000000087700000|100%| E|CS|TAMS 0x0000000087600000| PB 0x0000000087600000| Complete |  0
|  69|0x0000000087700000, 0x0000000087800000, 0x0000000087800000|100%| E|CS|TAMS 0x0000000087700000| PB 0x0000000087700000| Complete |  0
|  70|0x0000000087800000, 0x0000000087900000, 0x0000000087900000|100%| E|CS|TAMS 0x0000000087800000| PB 0x0000000087800000| Complete |  0
| 125|0x000000008af00000, 0x000000008b000000, 0x000000008b000000|100%| E|CS|TAMS 0x000000008af00000| PB 0x000000008af00000| Complete |  0
|1992|0x00000000ffa00000, 0x00000000ffb00000, 0x00000000ffb00000|100%| O|  |TAMS 0x00000000ffa00000| PB 0x00000000ffa00000| Untracked |  0
|1993|0x00000000ffb00000, 0x00000000ffc00000, 0x00000000ffc00000|100%| O|  |TAMS 0x00000000ffb00000| PB 0x00000000ffb00000| Untracked |  0
|1994|0x00000000ffc00000, 0x00000000ffd00000, 0x00000000ffd00000|100%| O|  |TAMS 0x00000000ffc00000| PB 0x00000000ffc00000| Untracked |  0
|1995|0x00000000ffd00000, 0x00000000ffe00000, 0x00000000ffe00000|100%| O|  |TAMS 0x00000000ffd00000| PB 0x00000000ffd00000| Untracked |  0
|1996|0x00000000ffe00000, 0x00000000fff00000, 0x00000000fff00000|100%| O|  |TAMS 0x00000000ffe00000| PB 0x00000000ffe00000| Untracked |  0
|1997|0x00000000fff00000, 0x0000000100000000, 0x0000000100000000|100%| E|CS|TAMS 0x00000000fff00000| PB 0x00000000fff00000| Complete |  0

Card table byte_map: [0x000001fce3310000,0x000001fce3700000] _byte_map_base: 0x000001fce2ef7000

Marking Bits: (CMBitMap*) 0x000001fccb2ce0d0
 Bits: [0x000001fce3700000, 0x000001fce5638000)

Polling page: 0x000001fcc90f0000

Metaspace:
Metaspace        used 49303K, committed 49856K, reserved 1114112K
 class space     used 5318K, committed 5568K, reserved 1048576K

Usage:
  Non-class:     42.95 MB used.
      Class:      5.19 MB used.
       Both:     48.15 MB used.

Virtual space:
  Non-class space:       64.00 MB reserved,      43.25 MB ( 68%) committed,  1 nodes.
      Class space:        1.00 GB reserved,       5.44 MB ( <1%) committed,  1 nodes.
             Both:        1.06 GB reserved,      48.69 MB (  4%) committed. 

Chunk freelists:
   Non-Class:  4.72 MB
       Class:  10.42 MB
        Both:  15.14 MB

MaxMetaspaceSize: unlimited
CompressedClassSpaceSize: 1.00 GB
Initial GC threshold: 21.00 MB
Current GC threshold: 59.00 MB
CDS: on
 - commit_granule_bytes: 65536.
 - commit_granule_words: 8192.
 - virtual_space_node_default_size: 8388608.
 - enlarge_chunks_in_place: 1.
UseCompressedClassPointers 1, UseCompactObjectHeaders 0
Narrow klass pointer bits 32, Max shift 3
Narrow klass base: 0x000000001a000000, Narrow klass shift: 0
Encoding Range: [0x000000001a000000 - 0x000000011a000000), (4294967296 bytes)
Klass Range:    [0x000000001a010000 - 0x000000005b000000), (1090453504 bytes)
Klass ID Range:  [65536 - 1090519033) (1090453497)
Protection zone: [0x000000001a000000 - 0x000000001a010000), (65536 bytes)


Internal statistics:

num_allocs_failed_limit: 6.
num_arena_births: 694.
num_arena_deaths: 0.
num_vsnodes_births: 2.
num_vsnodes_deaths: 0.
num_space_committed: 779.
num_space_uncommitted: 0.
num_chunks_returned_to_freelist: 6.
num_chunks_taken_from_freelist: 2396.
num_chunk_merges: 3.
num_chunk_splits: 1696.
num_chunks_enlarged: 1380.
num_inconsistent_stats: 0.

CodeHeap 'non-profiled nmethods': size=120064Kb used=3057Kb max_used=3057Kb free=117006Kb
 bounds [0x000001fcdb5a0000, 0x000001fcdb8a0000, 0x000001fce2ae0000]
CodeHeap 'profiled nmethods': size=120000Kb used=11897Kb max_used=11897Kb free=108103Kb
 bounds [0x000001fcd3ae0000, 0x000001fcd4680000, 0x000001fcdb010000]
CodeHeap 'non-nmethods': size=5696Kb used=1714Kb max_used=1815Kb free=3981Kb
 bounds [0x000001fcdb010000, 0x000001fcdb280000, 0x000001fcdb5a0000]
CodeCache: size=245760Kb, used=16668Kb, max_used=16769Kb, free=229090Kb
 total_blobs=7766, nmethods=7087, adapters=580, full_count=0
Compilation: enabled, stopped_count=0, restarted_count=0

Compilation events (20 events):
Event: 392.996 Thread 0x000001fce58c5370 7609       3       org.springframework.boot.context.properties.source.IterableConfigurationPropertySource::containsDescendantOf (16 bytes)
Event: 393.000 Thread 0x000001fce58c5370 nmethod 7609 0x000001fcd467ba08 code [0x000001fcd467bb00, 0x000001fcd467c1d0]
Event: 393.000 Thread 0x000001fce58c5370 7610       3       org.springframework.boot.context.properties.source.IterableConfigurationPropertySource$$Lambda/0x000000001b4feff8::<init> (10 bytes)
Event: 393.000 Thread 0x000001fce58c5370 nmethod 7610 0x000001fcd467c208 code [0x000001fcd467c300, 0x000001fcd467c4b0]
Event: 393.000 Thread 0x000001fce58c5370 7612       3       org.springframework.boot.context.properties.source.MapConfigurationPropertySource::iterator (10 bytes)
Event: 393.001 Thread 0x000001fce58c5370 nmethod 7612 0x000001fcd467c508 code [0x000001fcd467c600, 0x000001fcd467c7d0]
Event: 393.001 Thread 0x000001fce58c5370 7613       3       org.springframework.boot.context.properties.source.SpringIterableConfigurationPropertySource::iterator (12 bytes)
Event: 393.004 Thread 0x000001fce58c5370 nmethod 7613 0x000001fcd467c808 code [0x000001fcd467c900, 0x000001fcd467cbb8]
Event: 393.004 Thread 0x000001fce58c5370 7614       3       org.springframework.boot.context.properties.source.SpringIterableConfigurationPropertySource$ConfigurationPropertyNamesIterator::<init> (10 bytes)
Event: 393.004 Thread 0x000001fce58c5370 nmethod 7614 0x000001fcd467cc08 code [0x000001fcd467cd00, 0x000001fcd467ceb0]
Event: 393.004 Thread 0x000001fce58c5370 7615       3       org.springframework.boot.context.properties.source.SpringIterableConfigurationPropertySource$ConfigurationPropertyNamesIterator::next (5 bytes)
Event: 393.004 Thread 0x000001fce58c5370 nmethod 7615 0x000001fcd467cf08 code [0x000001fcd467d000, 0x000001fcd467d150]
Event: 393.004 Thread 0x000001fce58c5370 7616       3       org.springframework.boot.context.properties.source.SpringIterableConfigurationPropertySource$ConfigurationPropertyNamesIterator::next (41 bytes)
Event: 393.005 Thread 0x000001fce58c5370 nmethod 7616 0x000001fcd467d208 code [0x000001fcd467d300, 0x000001fcd467d588]
Event: 393.005 Thread 0x000001fce58c5370 7617       3       org.springframework.boot.context.properties.source.IterableConfigurationPropertySource$$Lambda/0x000000001b4feff8::test (12 bytes)
Event: 393.007 Thread 0x000001fce58c5370 nmethod 7617 0x000001fcd467d608 code [0x000001fcd467d700, 0x000001fcd467dd98]
Event: 393.641 Thread 0x000001fce58c5370 7618       3       java.util.concurrent.locks.AbstractQueuedSynchronizer$ConditionNode::<init> (5 bytes)
Event: 393.641 Thread 0x000001fce58c5370 nmethod 7618 0x000001fcd467de08 code [0x000001fcd467df00, 0x000001fcd467e0c0]
Event: 393.641 Thread 0x000001fce58c5370 7619       3       java.util.concurrent.locks.AbstractQueuedSynchronizer$Node::setStatusRelaxed (12 bytes)
Event: 393.643 Thread 0x000001fce58c5370 nmethod 7619 0x000001fcd467e108 code [0x000001fcd467e200, 0x000001fcd467e310]

GC Heap Usage History (14 events):
Event: 4.719 {heap Before GC invocations=0 (full 0):
 garbage-first heap   total reserved 2045952K, committed 131072K, used 54419K [0x0000000083200000, 0x0000000100000000)
  region size 1024K, 47 young (48128K), 0 survivors (0K)
}
Event: 4.743 {heap After GC invocations=1 (full 0):
 garbage-first heap   total reserved 2045952K, committed 131072K, used 12606K [0x0000000083200000, 0x0000000100000000)
  region size 1024K, 6 young (6144K), 6 survivors (6144K)
}
Event: 6.033 {heap Before GC invocations=1 (full 0):
 garbage-first heap   total reserved 2045952K, committed 131072K, used 61758K [0x0000000083200000, 0x0000000100000000)
  region size 1024K, 55 young (56320K), 6 survivors (6144K)
}
Event: 6.045 {heap After GC invocations=2 (full 0):
 garbage-first heap   total reserved 2045952K, committed 131072K, used 17842K [0x0000000083200000, 0x0000000100000000)
  region size 1024K, 5 young (5120K), 5 survivors (5120K)
}
Event: 8.610 {heap Before GC invocations=3 (full 0):
 garbage-first heap   total reserved 2045952K, committed 65536K, used 63922K [0x0000000083200000, 0x0000000100000000)
  region size 1024K, 50 young (51200K), 5 survivors (5120K)
}
Event: 8.624 {heap After GC invocations=4 (full 0):
 garbage-first heap   total reserved 2045952K, committed 73728K, used 20840K [0x0000000083200000, 0x0000000100000000)
  region size 1024K, 4 young (4096K), 4 survivors (4096K)
}
Event: 10.473 {heap Before GC invocations=4 (full 0):
 garbage-first heap   total reserved 2045952K, committed 73728K, used 51560K [0x0000000083200000, 0x0000000100000000)
  region size 1024K, 34 young (34816K), 4 survivors (4096K)
}
Event: 10.496 {heap After GC invocations=5 (full 0):
 garbage-first heap   total reserved 2045952K, committed 73728K, used 23375K [0x0000000083200000, 0x0000000100000000)
  region size 1024K, 3 young (3072K), 3 survivors (3072K)
}
Event: 11.013 {heap Before GC invocations=5 (full 0):
 garbage-first heap   total reserved 2045952K, committed 73728K, used 31567K [0x0000000083200000, 0x0000000100000000)
  region size 1024K, 12 young (12288K), 3 survivors (3072K)
}
Event: 11.021 {heap After GC invocations=6 (full 0):
 garbage-first heap   total reserved 2045952K, committed 73728K, used 23627K [0x0000000083200000, 0x0000000100000000)
  region size 1024K, 3 young (3072K), 3 survivors (3072K)
}
Event: 12.758 {heap Before GC invocations=7 (full 0):
 garbage-first heap   total reserved 2045952K, committed 73728K, used 57419K [0x0000000083200000, 0x0000000100000000)
  region size 1024K, 36 young (36864K), 3 survivors (3072K)
}
Event: 12.777 {heap After GC invocations=8 (full 0):
 garbage-first heap   total reserved 2045952K, committed 73728K, used 25960K [0x0000000083200000, 0x0000000100000000)
  region size 1024K, 3 young (3072K), 3 survivors (3072K)
}
Event: 14.048 {heap Before GC invocations=8 (full 0):
 garbage-first heap   total reserved 2045952K, committed 73728K, used 57704K [0x0000000083200000, 0x0000000100000000)
  region size 1024K, 35 young (35840K), 3 survivors (3072K)
}
Event: 14.057 {heap After GC invocations=9 (full 0):
 garbage-first heap   total reserved 2045952K, committed 73728K, used 29430K [0x0000000083200000, 0x0000000100000000)
  region size 1024K, 5 young (5120K), 5 survivors (5120K)
}

Metaspace Usage History (14 events):
Event: 4.719 {metaspace Before GC invocations=0 (full 0):
 Metaspace       used 10197K, committed 10368K, reserved 1114112K
  class space    used 1001K, committed 1088K, reserved 1048576K
}
Event: 4.743 {metaspace After GC invocations=1 (full 0):
 Metaspace       used 10197K, committed 10368K, reserved 1114112K
  class space    used 1001K, committed 1088K, reserved 1048576K
}
Event: 6.033 {metaspace Before GC invocations=1 (full 0):
 Metaspace       used 21327K, committed 21504K, reserved 1114112K
  class space    used 2101K, committed 2176K, reserved 1048576K
}
Event: 6.045 {metaspace After GC invocations=2 (full 0):
 Metaspace       used 21327K, committed 21504K, reserved 1114112K
  class space    used 2101K, committed 2176K, reserved 1048576K
}
Event: 8.610 {metaspace Before GC invocations=3 (full 0):
 Metaspace       used 28576K, committed 28864K, reserved 1114112K
  class space    used 2903K, committed 3072K, reserved 1048576K
}
Event: 8.624 {metaspace After GC invocations=4 (full 0):
 Metaspace       used 28576K, committed 28864K, reserved 1114112K
  class space    used 2903K, committed 3072K, reserved 1048576K
}
Event: 10.473 {metaspace Before GC invocations=4 (full 0):
 Metaspace       used 34899K, committed 35200K, reserved 1114112K
  class space    used 3722K, committed 3840K, reserved 1048576K
}
Event: 10.496 {metaspace After GC invocations=5 (full 0):
 Metaspace       used 34899K, committed 35200K, reserved 1114112K
  class space    used 3722K, committed 3840K, reserved 1048576K
}
Event: 11.013 {metaspace Before GC invocations=5 (full 0):
 Metaspace       used 35749K, committed 36160K, reserved 1114112K
  class space    used 3820K, committed 3968K, reserved 1048576K
}
Event: 11.021 {metaspace After GC invocations=6 (full 0):
 Metaspace       used 35749K, committed 36160K, reserved 1114112K
  class space    used 3820K, committed 3968K, reserved 1048576K
}
Event: 12.758 {metaspace Before GC invocations=7 (full 0):
 Metaspace       used 39991K, committed 40512K, reserved 1114112K
  class space    used 4321K, committed 4544K, reserved 1048576K
}
Event: 12.777 {metaspace After GC invocations=8 (full 0):
 Metaspace       used 39991K, committed 40512K, reserved 1114112K
  class space    used 4321K, committed 4544K, reserved 1048576K
}
Event: 14.048 {metaspace Before GC invocations=8 (full 0):
 Metaspace       used 47839K, committed 48320K, reserved 1114112K
  class space    used 5178K, committed 5376K, reserved 1048576K
}
Event: 14.057 {metaspace After GC invocations=9 (full 0):
 Metaspace       used 47839K, committed 48320K, reserved 1114112K
  class space    used 5178K, committed 5376K, reserved 1048576K
}

Dll operation events (12 events):
Event: 0.018 Loaded shared library C:\Users\lenovo\.jdks\openjdk-25\bin\java.dll
Event: 0.398 Loaded shared library C:\Users\lenovo\.jdks\openjdk-25\bin\zip.dll
Event: 0.404 Loaded shared library C:\Users\lenovo\.jdks\openjdk-25\bin\instrument.dll
Event: 0.412 Loaded shared library C:\Users\lenovo\.jdks\openjdk-25\bin\net.dll
Event: 0.416 Loaded shared library C:\Users\lenovo\.jdks\openjdk-25\bin\nio.dll
Event: 0.421 Loaded shared library C:\Users\lenovo\.jdks\openjdk-25\bin\zip.dll
Event: 3.371 Loaded shared library C:\Users\lenovo\.jdks\openjdk-25\bin\extnet.dll
Event: 3.421 Loaded shared library C:\Users\lenovo\.jdks\openjdk-25\bin\jimage.dll
Event: 13.205 Loaded shared library C:\Users\lenovo\.jdks\openjdk-25\bin\verify.dll
Event: 13.685 Loaded shared library C:\Users\lenovo\.jdks\openjdk-25\bin\sunmscapi.dll
Event: 14.040 Loaded shared library C:\Users\lenovo\.jdks\openjdk-25\bin\management.dll
Event: 14.043 Loaded shared library C:\Users\lenovo\.jdks\openjdk-25\bin\management_ext.dll

Deoptimization events (20 events):
Event: 75.614 Thread 0x000001fce8a110d0 Uncommon trap: trap_request=0xffffff45 fr.pc=0x000001fcdb682f34 relative=0x00000000000001b4
Event: 75.614 Thread 0x000001fce8a110d0 Uncommon trap: reason=unstable_if action=reinterpret pc=0x000001fcdb682f34 method=java.util.HashMap.putVal(ILjava/lang/Object;Ljava/lang/Object;ZZ)Ljava/lang/Object; @ 162 c2
Event: 75.614 Thread 0x000001fce8a110d0 DEOPT PACKING pc=0x000001fcdb682f34 sp=0x00000029fc8fb3a0
Event: 75.614 Thread 0x000001fce8a110d0 DEOPT UNPACKING pc=0x000001fcdb141282 sp=0x00000029fc8fb300 mode 2
Event: 75.620 Thread 0x000001fce8a110d0 Uncommon trap: trap_request=0xffffff45 fr.pc=0x000001fcdb63ef54 relative=0x00000000000005b4
Event: 75.620 Thread 0x000001fce8a110d0 Uncommon trap: reason=unstable_if action=reinterpret pc=0x000001fcdb63ef54 method=java.util.HashMap.resize()[Ljava/util/HashMap$Node; @ 203 c2
Event: 75.620 Thread 0x000001fce8a110d0 DEOPT PACKING pc=0x000001fcdb63ef54 sp=0x00000029fc8fb3a0
Event: 75.620 Thread 0x000001fce8a110d0 DEOPT UNPACKING pc=0x000001fcdb141282 sp=0x00000029fc8fb308 mode 2
Event: 105.939 Thread 0x000001fce8a110d0 Uncommon trap: trap_request=0xffffffde fr.pc=0x000001fcdb6bbd68 relative=0x0000000000001768
Event: 105.940 Thread 0x000001fce8a110d0 Uncommon trap: reason=class_check action=maybe_recompile pc=0x000001fcdb6bbd68 method=java.util.zip.InflaterInputStream.read([BII)I @ 78 c2
Event: 105.940 Thread 0x000001fce8a110d0 DEOPT PACKING pc=0x000001fcdb6bbd68 sp=0x00000029fc8fe4f0
Event: 105.940 Thread 0x000001fce8a110d0 DEOPT UNPACKING pc=0x000001fcdb141282 sp=0x00000029fc8fe550 mode 2
Event: 297.501 Thread 0x000001fce8a110d0 Uncommon trap: trap_request=0xffffff66 fr.pc=0x000001fcdb88b2c8 relative=0x0000000000002cc8
Event: 297.501 Thread 0x000001fce8a110d0 Uncommon trap: reason=loop_limit_check action=maybe_recompile pc=0x000001fcdb88b2c8 method=org.springframework.boot.context.properties.source.ConfigurationPropertyName.elementsEqual(Lorg/springframework/boot/context/properties/source/ConfigurationProperty
Event: 297.505 Thread 0x000001fce8a110d0 DEOPT PACKING pc=0x000001fcdb88b2c8 sp=0x00000029fc8fb890
Event: 297.510 Thread 0x000001fce8a110d0 DEOPT UNPACKING pc=0x000001fcdb141282 sp=0x00000029fc8fb650 mode 2
Event: 297.515 Thread 0x000001fce8a110d0 Uncommon trap: trap_request=0xffffff66 fr.pc=0x000001fcdb88fe20 relative=0x0000000000002220
Event: 297.515 Thread 0x000001fce8a110d0 Uncommon trap: reason=loop_limit_check action=maybe_recompile pc=0x000001fcdb88fe20 method=org.springframework.boot.context.properties.source.ConfigurationPropertyName.elementsEqual(Lorg/springframework/boot/context/properties/source/ConfigurationProperty
Event: 297.515 Thread 0x000001fce8a110d0 DEOPT PACKING pc=0x000001fcdb88fe20 sp=0x00000029fc8fb7f0
Event: 297.515 Thread 0x000001fce8a110d0 DEOPT UNPACKING pc=0x000001fcdb141282 sp=0x00000029fc8fb648 mode 2

Classes loaded (20 events):
Event: 43.550 Loading class java/net/Socket$SocketOutputStream
Event: 43.550 Loading class java/net/Socket$SocketOutputStream done
Event: 43.550 Loading class sun/nio/ch/NioSocketImpl$2
Event: 43.551 Loading class sun/nio/ch/NioSocketImpl$2 done
Event: 43.568 Loading class java/util/zip/CheckedInputStream
Event: 43.568 Loading class java/util/zip/CheckedInputStream done
Event: 43.576 Loading class java/math/BigInteger$RecursiveOp
Event: 43.576 Loading class java/util/concurrent/RecursiveTask
Event: 43.576 Loading class java/util/concurrent/RecursiveTask done
Event: 43.576 Loading class java/math/BigInteger$RecursiveOp done
Event: 43.576 Loading class java/math/BigInteger$RecursiveOp$RecursiveSquare
Event: 43.576 Loading class java/math/BigInteger$RecursiveOp$RecursiveSquare done
Event: 75.014 Loading class java/lang/invoke/BoundMethodHandle$Species_LLLLLLLL
Event: 75.016 Loading class java/lang/invoke/BoundMethodHandle$Species_LLLLLLLL done
Event: 75.078 Loading class java/lang/invoke/BoundMethodHandle$Species_LLLLLLLLL
Event: 75.078 Loading class java/lang/invoke/BoundMethodHandle$Species_LLLLLLLLL done
Event: 75.090 Loading class java/lang/invoke/BoundMethodHandle$Species_LLLLLLLLLL
Event: 75.090 Loading class java/lang/invoke/BoundMethodHandle$Species_LLLLLLLLLL done
Event: 75.105 Loading class java/lang/invoke/BoundMethodHandle$Species_LLLLLLLLLLL
Event: 75.105 Loading class java/lang/invoke/BoundMethodHandle$Species_LLLLLLLLLLL done

Classes unloaded (0 events):
No events

Classes redefined (0 events):
No events

Internal exceptions (20 events):
Event: 13.711 Thread 0x000001fccb274ef0 Exception <a 'java/lang/ExceptionInInitializerError'{0x00000000859825b0}> (0x00000000859825b0) 
thrown [s\open\src\hotspot\share\oops\instanceKlass.cpp, line 1360]
Event: 13.777 Thread 0x000001fccb274ef0 Exception <a 'java/lang/NoSuchMethodError'{0x000000008587f520}: 'java.lang.Object java.lang.invoke.DirectMethodHandle$Holder.newInvokeSpecial(java.lang.Object, java.lang.Object, int, java.lang.Object)'> (0x000000008587f520) 
thrown [s\open\src\hotspot\share\interpreter\linkResolver.cpp, line 804]
Event: 13.778 Thread 0x000001fccb274ef0 Exception <a 'java/lang/NoSuchMethodError'{0x0000000085887f88}: 'java.lang.Object java.lang.invoke.Invokers$Holder.linkToTargetMethod(java.lang.Object, int, java.lang.Object, java.lang.Object)'> (0x0000000085887f88) 
thrown [s\open\src\hotspot\share\interpreter\linkResolver.cpp, line 804]
Event: 13.952 Thread 0x000001fccb274ef0 Exception <a 'java/lang/IncompatibleClassChangeError'{0x00000000856be078}: Found class java.lang.Object, but interface was expected> (0x00000000856be078) 
thrown [s\open\src\hotspot\share\interpreter\linkResolver.cpp, line 871]
Event: 43.557 Thread 0x000001fce8a110d0 Exception <a 'java/lang/NoSuchMethodError'{0x0000000087702b60}: 'java.lang.Object java.lang.invoke.DirectMethodHandle$Holder.invokeStatic(java.lang.Object, int, int)'> (0x0000000087702b60) 
thrown [s\open\src\hotspot\share\interpreter\linkResolver.cpp, line 804]
Event: 74.384 Thread 0x000001fce8a110d0 Implicit null exception at 0x000001fcdb86142c to 0x000001fcdb861740
Event: 74.497 Thread 0x000001fce8a110d0 Exception <a 'java/lang/NoSuchMethodError'{0x0000000086db6c60}: 'long java.lang.invoke.DirectMethodHandle$Holder.invokeStatic(java.lang.Object, java.lang.Object, int)'> (0x0000000086db6c60) 
thrown [s\open\src\hotspot\share\interpreter\linkResolver.cpp, line 804]
Event: 74.526 Thread 0x000001fce8a110d0 Exception <a 'java/lang/NoSuchMethodError'{0x0000000086dc7330}: 'long java.lang.invoke.DelegatingMethodHandle$Holder.reinvoke_L(java.lang.Object, java.lang.Object, int)'> (0x0000000086dc7330) 
thrown [s\open\src\hotspot\share\interpreter\linkResolver.cpp, line 804]
Event: 74.638 Thread 0x000001fce8a110d0 Exception <a 'java/lang/NoSuchMethodError'{0x0000000086ddb800}: 'java.lang.Object java.lang.invoke.DelegatingMethodHandle$Holder.reinvoke_L(java.lang.Object, int, int, long, java.lang.Object, long, long, long)'> (0x0000000086ddb800) 
thrown [s\open\src\hotspot\share\interpreter\linkResolver.cpp, line 804]
Event: 74.851 Thread 0x000001fce8a110d0 Exception <a 'java/lang/NoSuchMethodError'{0x0000000086c244e8}: 'java.lang.Object java.lang.invoke.DelegatingMethodHandle$Holder.reinvoke_L(java.lang.Object, java.lang.Object, java.lang.Object, java.lang.Object, java.lang.Object, java.lang.Object, java.lang.Object, java.lang.Object, java.lang.Object, java.lang.Object, java.lang.Object, java.lang.Object, java.lang.Object, java.lang.Object, int, java.lang.Object, java.lang.Object, java.lang.Object, java.lang.Object, java.lang.Object, java.lang.Object, java.l
Event: 75.060 Thread 0x000001fce8a110d0 Exception <a 'java/lang/NoSuchMethodError'{0x0000000086c82900}: 'java.lang.Object java.lang.invoke.DirectMethodHandle$Holder.invokeStatic(java.lang.Object, java.lang.Object, java.lang.Object, java.lang.Object, java.lang.Object, java.lang.Object, java.lang.Object, java.lang.Object, java.lang.Object, java.lang.Object, java.lang.Object)'> (0x0000000086c82900) 
thrown [s\open\src\hotspot\share\interpreter\linkResolver.cpp, line 804]
Event: 75.086 Thread 0x000001fce8a110d0 Exception <a 'java/lang/NoSuchMethodError'{0x0000000086caba88}: 'java.lang.Object java.lang.invoke.DirectMethodHandle$Holder.invokeStatic(java.lang.Object, java.lang.Object, java.lang.Object, java.lang.Object, java.lang.Object, java.lang.Object, java.lang.Object, java.lang.Object, java.lang.Object, java.lang.Object, java.lang.Object, java.lang.Object)'> (0x0000000086caba88) 
thrown [s\open\src\hotspot\share\interpreter\linkResolver.cpp, line 804]
Event: 75.095 Thread 0x000001fce8a110d0 Exception <a 'java/lang/NoSuchMethodError'{0x0000000086cd62f0}: 'java.lang.Object java.lang.invoke.DirectMethodHandle$Holder.invokeStatic(java.lang.Object, java.lang.Object, java.lang.Object, java.lang.Object, java.lang.Object, java.lang.Object, java.lang.Object, java.lang.Object, java.lang.Object, java.lang.Object, java.lang.Object, java.lang.Object, java.lang.Object)'> (0x0000000086cd62f0) 
thrown [s\open\src\hotspot\share\interpreter\linkResolver.cpp, line 804]
Event: 75.111 Thread 0x000001fce8a110d0 Exception <a 'java/lang/NoSuchMethodError'{0x0000000086b013c8}: 'java.lang.Object java.lang.invoke.DirectMethodHandle$Holder.invokeStatic(java.lang.Object, java.lang.Object, java.lang.Object, java.lang.Object, java.lang.Object, java.lang.Object, java.lang.Object, java.lang.Object, java.lang.Object, java.lang.Object, java.lang.Object, java.lang.Object, java.lang.Object, java.lang.Object)'> (0x0000000086b013c8) 
thrown [s\open\src\hotspot\share\interpreter\linkResolver.cpp, line 804]
Event: 75.123 Thread 0x000001fce8a110d0 Exception <a 'java/lang/NoSuchMethodError'{0x0000000086b268e8}: 'java.lang.Object java.lang.invoke.DelegatingMethodHandle$Holder.reinvoke_L(java.lang.Object, java.lang.Object, java.lang.Object, java.lang.Object, java.lang.Object, java.lang.Object, java.lang.Object, java.lang.Object, java.lang.Object, java.lang.Object, java.lang.Object, java.lang.Object, java.lang.Object, java.lang.Object, java.lang.Object, java.lang.Object, java.lang.Object, java.lang.Object, java.lang.Object, java.lang.Object, java.lang.O
Event: 75.249 Thread 0x000001fce8a110d0 Exception <a 'java/lang/NoSuchMethodError'{0x0000000086b85948}: 'java.lang.Object java.lang.invoke.DirectMethodHandle$Holder.invokeInterface(java.lang.Object, java.lang.Object, java.lang.Object, int)'> (0x0000000086b85948) 
thrown [s\open\src\hotspot\share\interpreter\linkResolver.cpp, line 804]
Event: 75.433 Thread 0x000001fce8a110d0 Exception <a 'java/lang/NoSuchMethodError'{0x0000000086a157e0}: 'java.lang.Object java.lang.invoke.DirectMethodHandle$Holder.invokeStatic(java.lang.Object, java.lang.Object, java.lang.Object, java.lang.Object, int, java.lang.Object)'> (0x0000000086a157e0) 
thrown [s\open\src\hotspot\share\interpreter\linkResolver.cpp, line 804]
Event: 75.441 Thread 0x000001fce8a110d0 Exception <a 'java/lang/NoSuchMethodError'{0x0000000086a26d18}: 'java.lang.Object java.lang.invoke.DirectMethodHandle$Holder.newInvokeSpecial(java.lang.Object, java.lang.Object, java.lang.Object, java.lang.Object, int)'> (0x0000000086a26d18) 
thrown [s\open\src\hotspot\share\interpreter\linkResolver.cpp, line 804]
Event: 75.445 Thread 0x000001fce8a110d0 Exception <a 'java/lang/NoSuchMethodError'{0x0000000086a2fba8}: 'java.lang.Object java.lang.invoke.DirectMethodHandle$Holder.invokeSpecial(java.lang.Object, java.lang.Object, java.lang.Object, java.lang.Object, java.lang.Object, int)'> (0x0000000086a2fba8) 
thrown [s\open\src\hotspot\share\interpreter\linkResolver.cpp, line 804]
Event: 75.446 Thread 0x000001fce8a110d0 Exception <a 'java/lang/NoSuchMethodError'{0x0000000086a38238}: 'java.lang.Object java.lang.invoke.Invokers$Holder.linkToTargetMethod(java.lang.Object, java.lang.Object, java.lang.Object, int, java.lang.Object)'> (0x0000000086a38238) 
thrown [s\open\src\hotspot\share\interpreter\linkResolver.cpp, line 804]

VM Operations (20 events):
Event: 11.675 Executing non-safepoint VM operation: HandshakeAllThreads (Deoptimize)
Event: 11.675 Executing non-safepoint VM operation: HandshakeAllThreads (Deoptimize) done
Event: 12.758 Executing safepoint VM operation: G1CollectForAllocation (G1 Evacuation Pause)
Event: 12.777 Executing safepoint VM operation: G1CollectForAllocation (G1 Evacuation Pause) done
Event: 13.227 Executing non-safepoint VM operation: HandshakeAllThreads (Deoptimize)
Event: 13.227 Executing non-safepoint VM operation: HandshakeAllThreads (Deoptimize) done
Event: 13.492 Executing non-safepoint VM operation: HandshakeAllThreads (Deoptimize)
Event: 13.493 Executing non-safepoint VM operation: HandshakeAllThreads (Deoptimize) done
Event: 13.530 Executing non-safepoint VM operation: HandshakeAllThreads (Deoptimize)
Event: 13.530 Executing non-safepoint VM operation: HandshakeAllThreads (Deoptimize) done
Event: 13.652 Executing non-safepoint VM operation: HandshakeAllThreads (Deoptimize)
Event: 13.652 Executing non-safepoint VM operation: HandshakeAllThreads (Deoptimize) done
Event: 13.842 Executing non-safepoint VM operation: HandshakeAllThreads (Deoptimize)
Event: 13.842 Executing non-safepoint VM operation: HandshakeAllThreads (Deoptimize) done
Event: 14.048 Executing safepoint VM operation: G1CollectForAllocation (G1 Evacuation Pause)
Event: 14.057 Executing safepoint VM operation: G1CollectForAllocation (G1 Evacuation Pause) done
Event: 60.113 Executing non-safepoint VM operation: HandshakeAllThreads (HandshakeForDeflation)
Event: 60.113 Executing non-safepoint VM operation: HandshakeAllThreads (HandshakeForDeflation) done
Event: 60.113 Executing non-safepoint VM operation: RendezvousGCThreads
Event: 60.114 Executing non-safepoint VM operation: RendezvousGCThreads done

Memory protections (0 events):
No events

Nmethod flushes (20 events):
Event: 11.056 Thread 0x000001fce5874d60 flushing  nmethod 0x000001fcd3da6708
Event: 11.056 Thread 0x000001fce5874d60 flushing  nmethod 0x000001fcd3dab088
Event: 11.056 Thread 0x000001fce5874d60 flushing  nmethod 0x000001fcd3dc9288
Event: 11.056 Thread 0x000001fce5874d60 flushing  nmethod 0x000001fcd3dd6c88
Event: 11.056 Thread 0x000001fce5874d60 flushing  nmethod 0x000001fcd3df2588
Event: 11.056 Thread 0x000001fce5874d60 flushing  nmethod 0x000001fcd3dff888
Event: 11.056 Thread 0x000001fce5874d60 flushing  nmethod 0x000001fcd3e4e008
Event: 11.056 Thread 0x000001fce5874d60 flushing  nmethod 0x000001fcd3e4e908
Event: 11.056 Thread 0x000001fce5874d60 flushing  nmethod 0x000001fcd3e50c08
Event: 11.056 Thread 0x000001fce5874d60 flushing  nmethod 0x000001fcd3e76908
Event: 11.056 Thread 0x000001fce5874d60 flushing  nmethod 0x000001fcd3ea6288
Event: 11.056 Thread 0x000001fce5874d60 flushing  nmethod 0x000001fcd3ea6588
Event: 11.056 Thread 0x000001fce5874d60 flushing  nmethod 0x000001fcd3ee7988
Event: 11.056 Thread 0x000001fce5874d60 flushing  nmethod 0x000001fcd3ef8288
Event: 11.056 Thread 0x000001fce5874d60 flushing  nmethod 0x000001fcd3ef9388
Event: 11.056 Thread 0x000001fce5874d60 flushing  nmethod 0x000001fcd3efa708
Event: 11.056 Thread 0x000001fce5874d60 flushing  nmethod 0x000001fcd3f02a08
Event: 11.056 Thread 0x000001fce5874d60 flushing  nmethod 0x000001fcd3f04e88
Event: 11.056 Thread 0x000001fce5874d60 flushing  nmethod 0x000001fcd3f36388
Event: 11.056 Thread 0x000001fce5874d60 flushing  nmethod 0x000001fcd3f37a08

Events (20 events):
Event: 10.075 Thread 0x000001fce58c5370 Thread added: 0x000001fcedc4c2a0
Event: 10.579 Thread 0x000001fce58c5370 Thread added: 0x000001fcedc4cab0
Event: 10.589 Thread 0x000001fccb274ef0 Thread added: 0x000001fce5863b40
Event: 12.719 Thread 0x000001fccb274ef0 Thread added: 0x000001fcedd88850
Event: 12.777 Thread 0x000001fcedc4cab0 Thread exited: 0x000001fcedc4cab0
Event: 12.801 Thread 0x000001fccb274ef0 Thread added: 0x000001fcedd88080
Event: 12.992 Thread 0x000001fcedc4c2a0 Thread added: 0x000001fcedc4ba90
Event: 13.149 Thread 0x000001fcedc4c2a0 Thread exited: 0x000001fcedc4c2a0
Event: 13.149 Thread 0x000001fcedc4ba90 Thread exited: 0x000001fcedc4ba90
Event: 13.483 Thread 0x000001fccb274ef0 Thread added: 0x000001fcedd822c0
Event: 13.484 Thread 0x000001fccb274ef0 Thread added: 0x000001fce8a118a0
Event: 13.488 Thread 0x000001fccb274ef0 Thread added: 0x000001fce8a0f960
Event: 13.889 Thread 0x000001fccb274ef0 Thread added: 0x000001fce8a13010
Event: 13.954 Thread 0x000001fccb274ef0 Thread added: 0x000001fce8a12840
Event: 14.066 Thread 0x000001fccb274ef0 Thread exited: 0x000001fccb274ef0
Event: 14.066 Thread 0x000001fce8a13fb0 Thread added: 0x000001fce8a13fb0
Event: 43.484 Thread 0x000001fce8a118a0 Thread added: 0x000001fce8a110d0
Event: 43.485 Thread 0x000001fcedd822c0 Thread added: 0x000001fce8a15720
Event: 74.077 Thread 0x000001fce5863b40 Thread exited: 0x000001fce5863b40
Event: 313.525 Thread 0x000001fcedd88080 Thread added: 0x000001fcee6e3c80


Dynamic libraries:
0x00007ff7f8110000 - 0x00007ff7f811e000 	C:\Users\lenovo\.jdks\openjdk-25\bin\java.exe
0x00007ffa5fea0000 - 0x00007ffa60107000 	C:\WINDOWS\SYSTEM32\ntdll.dll
0x00007ffa5f890000 - 0x00007ffa5f959000 	C:\WINDOWS\System32\KERNEL32.DLL
0x00007ffa5d190000 - 0x00007ffa5d57f000 	C:\WINDOWS\System32\KERNELBASE.dll
0x00007ffa5d590000 - 0x00007ffa5d6db000 	C:\WINDOWS\System32\ucrtbase.dll
0x00007ffa4ac10000 - 0x00007ffa4ac27000 	C:\Users\lenovo\.jdks\openjdk-25\bin\jli.dll
0x00007ffa4abf0000 - 0x00007ffa4ac0e000 	C:\Users\lenovo\.jdks\openjdk-25\bin\VCRUNTIME140.dll
0x00007ffa5ef90000 - 0x00007ffa5f155000 	C:\WINDOWS\System32\USER32.dll
0x00007ffa5cff0000 - 0x00007ffa5d017000 	C:\WINDOWS\System32\win32u.dll
0x00007ffa5c1f0000 - 0x00007ffa5c483000 	C:\WINDOWS\WinSxS\amd64_microsoft.windows.common-controls_6595b64144ccf1df_6.0.26100.7309_none_3e05feeae336a044\COMCTL32.dll
0x00007ffa5f1a0000 - 0x00007ffa5f1cb000 	C:\WINDOWS\System32\GDI32.dll
0x00007ffa5f640000 - 0x00007ffa5f6e9000 	C:\WINDOWS\System32\msvcrt.dll
0x00007ffa5da80000 - 0x00007ffa5dbac000 	C:\WINDOWS\System32\gdi32full.dll
0x00007ffa5d850000 - 0x00007ffa5d8f3000 	C:\WINDOWS\System32\msvcp_win.dll
0x00007ffa5f600000 - 0x00007ffa5f631000 	C:\WINDOWS\System32\IMM32.DLL
0x00007ffa4ad40000 - 0x00007ffa4ad4c000 	C:\Users\lenovo\.jdks\openjdk-25\bin\vcruntime140_1.dll
0x00007ffa4a680000 - 0x00007ffa4a70d000 	C:\Users\lenovo\.jdks\openjdk-25\bin\msvcp140.dll
0x00007ff9e5450000 - 0x00007ff9e62af000 	C:\Users\lenovo\.jdks\openjdk-25\bin\server\jvm.dll
0x00007ffa5f360000 - 0x00007ffa5f414000 	C:\WINDOWS\System32\ADVAPI32.dll
0x00007ffa5f2b0000 - 0x00007ffa5f356000 	C:\WINDOWS\System32\sechost.dll
0x00007ffa5dcd0000 - 0x00007ffa5dde8000 	C:\WINDOWS\System32\RPCRT4.dll
0x00007ffa5dc40000 - 0x00007ffa5dcb4000 	C:\WINDOWS\System32\WS2_32.dll
0x00007ffa5ce70000 - 0x00007ffa5cece000 	C:\WINDOWS\SYSTEM32\POWRPROF.dll
0x00007ffa59e00000 - 0x00007ffa59e35000 	C:\WINDOWS\SYSTEM32\WINMM.dll
0x00007ffa4bb80000 - 0x00007ffa4bb8b000 	C:\WINDOWS\SYSTEM32\VERSION.dll
0x00007ffa5ce50000 - 0x00007ffa5ce64000 	C:\WINDOWS\SYSTEM32\UMPDC.dll
0x00007ffa5b680000 - 0x00007ffa5b69b000 	C:\WINDOWS\SYSTEM32\kernel.appcore.dll
0x00007ffa4abe0000 - 0x00007ffa4abea000 	C:\Users\lenovo\.jdks\openjdk-25\bin\jimage.dll
0x00007ffa5c8c0000 - 0x00007ffa5cb02000 	C:\WINDOWS\SYSTEM32\DBGHELP.DLL
0x00007ffa5fa50000 - 0x00007ffa5fdd5000 	C:\WINDOWS\System32\combase.dll
0x00007ffa5f1d0000 - 0x00007ffa5f2a6000 	C:\WINDOWS\System32\OLEAUT32.dll
0x00007ffa5c690000 - 0x00007ffa5c6cc000 	C:\WINDOWS\SYSTEM32\dbgcore.DLL
0x00007ffa5d0e0000 - 0x00007ffa5d185000 	C:\WINDOWS\System32\bcryptPrimitives.dll
0x00007ffa4abb0000 - 0x00007ffa4abc0000 	C:\Users\lenovo\.jdks\openjdk-25\bin\instrument.dll
0x00007ffa4abc0000 - 0x00007ffa4abdf000 	C:\Users\lenovo\.jdks\openjdk-25\bin\java.dll
0x00007ffa5f6f0000 - 0x00007ffa5f887000 	C:\WINDOWS\System32\ole32.dll
0x00007ffa5df60000 - 0x00007ffa5e6b3000 	C:\WINDOWS\System32\SHELL32.dll
0x00007ffa5d6e0000 - 0x00007ffa5d84a000 	C:\WINDOWS\System32\wintypes.dll
0x00007ffa5a2d0000 - 0x00007ffa5ab2e000 	C:\WINDOWS\SYSTEM32\windows.storage.dll
0x00007ffa5f4f0000 - 0x00007ffa5f5e5000 	C:\WINDOWS\System32\SHCORE.dll
0x00007ffa5f9e0000 - 0x00007ffa5fa46000 	C:\WINDOWS\System32\shlwapi.dll
0x00007ffa5cf10000 - 0x00007ffa5cf39000 	C:\WINDOWS\SYSTEM32\profapi.dll
0x00007ffa4a640000 - 0x00007ffa4a657000 	C:\Users\lenovo\.jdks\openjdk-25\bin\zip.dll
0x00007ffa4a910000 - 0x00007ffa4a922000 	C:\Users\lenovo\.jdks\openjdk-25\bin\net.dll
0x00007ffa5bbb0000 - 0x00007ffa5bc1b000 	C:\WINDOWS\system32\mswsock.dll
0x00007ffa4a660000 - 0x00007ffa4a676000 	C:\Users\lenovo\.jdks\openjdk-25\bin\nio.dll
0x00007ffa4ab40000 - 0x00007ffa4ab49000 	C:\Users\lenovo\.jdks\openjdk-25\bin\extnet.dll
0x00007ffa5ae30000 - 0x00007ffa5ae64000 	C:\WINDOWS\SYSTEM32\IPHLPAPI.DLL
0x00007ffa5f160000 - 0x00007ffa5f16a000 	C:\WINDOWS\System32\NSI.dll
0x00007ffa5ae70000 - 0x00007ffa5af9c000 	C:\WINDOWS\SYSTEM32\DNSAPI.dll
0x00007ffa4de90000 - 0x00007ffa4de9b000 	C:\Windows\System32\rasadhlp.dll
0x00007ffa565b0000 - 0x00007ffa56636000 	C:\WINDOWS\System32\fwpuclnt.dll
0x00007ffa5cb10000 - 0x00007ffa5cb2b000 	C:\WINDOWS\SYSTEM32\CRYPTSP.dll
0x00007ffa5b5e0000 - 0x00007ffa5b61a000 	C:\WINDOWS\system32\rsaenh.dll
0x00007ffa5bc60000 - 0x00007ffa5bc8b000 	C:\WINDOWS\SYSTEM32\USERENV.dll
0x00007ffa5cee0000 - 0x00007ffa5cf0a000 	C:\WINDOWS\SYSTEM32\bcrypt.dll
0x00007ffa5be70000 - 0x00007ffa5be7c000 	C:\WINDOWS\SYSTEM32\CRYPTBASE.dll
0x00007ffa58ad0000 - 0x00007ffa58ae0000 	C:\Users\lenovo\.jdks\openjdk-25\bin\verify.dll
0x00007ffa4a5e0000 - 0x00007ffa4a5ee000 	C:\Users\lenovo\.jdks\openjdk-25\bin\sunmscapi.dll
0x00007ffa5d900000 - 0x00007ffa5da77000 	C:\WINDOWS\System32\CRYPT32.dll
0x00007ffa5c070000 - 0x00007ffa5c0a0000 	C:\WINDOWS\SYSTEM32\ncrypt.dll
0x00007ffa5c020000 - 0x00007ffa5c05f000 	C:\WINDOWS\SYSTEM32\NTASN1.dll
0x00007ffa3abb0000 - 0x00007ffa3abb8000 	C:\WINDOWS\system32\wshunix.dll
0x00007ffa4a5d0000 - 0x00007ffa4a5da000 	C:\Users\lenovo\.jdks\openjdk-25\bin\management.dll
0x00007ffa4a530000 - 0x00007ffa4a53c000 	C:\Users\lenovo\.jdks\openjdk-25\bin\management_ext.dll
0x00007ffa5f4e0000 - 0x00007ffa5f4e8000 	C:\WINDOWS\System32\PSAPI.DLL

JVMTI agents:
D:\intelliJ\IntelliJ IDEA Community Edition 2025.1.2\lib\idea_rt.jar path:C:\Users\lenovo\.jdks\openjdk-25\bin\instrument.dll, loaded, initialized, instrumentlib options:55783

dbghelp: loaded successfully - version: 4.0.5 - missing functions: none
symbol engine: initialized successfully - sym options: 0x614 - pdb path: .;C:\Users\lenovo\.jdks\openjdk-25\bin;C:\WINDOWS\SYSTEM32;C:\WINDOWS\WinSxS\amd64_microsoft.windows.common-controls_6595b64144ccf1df_6.0.26100.7309_none_3e05feeae336a044;C:\Users\lenovo\.jdks\openjdk-25\bin\server

VM Arguments:
jvm_args: -javaagent:D:\intelliJ\IntelliJ IDEA Community Edition 2025.1.2\lib\idea_rt.jar=55783 -Dfile.encoding=UTF-8 -Dsun.stdout.encoding=UTF-8 -Dsun.stderr.encoding=UTF-8 
java_command: com.example.Gateway.GatewayApplication
java_class_path (initial): D:\new_folder\project\Startify\Backend\Gateway\target\classes;C:\Users\lenovo\.m2\repository\org\springframework\boot\spring-boot-starter-security\3.4.12\spring-boot-starter-security-3.4.12.jar;C:\Users\lenovo\.m2\repository\org\springframework\boot\spring-boot-starter\3.4.12\spring-boot-starter-3.4.12.jar;C:\Users\lenovo\.m2\repository\org\springframework\boot\spring-boot\3.4.12\spring-boot-3.4.12.jar;C:\Users\lenovo\.m2\repository\org\springframework\boot\spring-boot-autoconfigure\3.4.12\spring-boot-autoconfigure-3.4.12.jar;C:\Users\lenovo\.m2\repository\org\springframework\boot\spring-boot-starter-logging\3.4.12\spring-boot-starter-logging-3.4.12.jar;C:\Users\lenovo\.m2\repository\ch\qos\logback\logback-classic\1.5.21\logback-classic-1.5.21.jar;C:\Users\lenovo\.m2\repository\ch\qos\logback\logback-core\1.5.21\logback-core-1.5.21.jar;C:\Users\lenovo\.m2\repository\org\apache\logging\log4j\log4j-to-slf4j\2.24.3\log4j-to-slf4j-2.24.3.jar;C:\Users\lenovo\.m2\repository\org\apache\logging\log4j\log4j-api\2.24.3\log4j-api-2.24.3.jar;C:\Users\lenovo\.m2\repository\org\slf4j\jul-to-slf4j\2.0.17\jul-to-slf4j-2.0.17.jar;C:\Users\lenovo\.m2\repository\jakarta\annotation\jakarta.annotation-api\2.1.1\jakarta.annotation-api-2.1.1.jar;C:\Users\lenovo\.m2\repository\org\yaml\snakeyaml\2.3\snakeyaml-2.3.jar;C:\Users\lenovo\.m2\repository\org\springframework\spring-aop\6.2.14\spring-aop-6.2.14.jar;C:\Users\lenovo\.m2\repository\org\springframework\spring-beans\6.2.14\spring-beans-6.2.14.jar;C:\Users\lenovo\.m2\repository\org\springframework\security\spring-security-config\6.4.13\spring-security-config-6.4.13.jar;C:\Users\lenovo\.m2\repository\org\springframework\spring-context\6.2.14\spring-context-6.2.14.jar;C:\Users\lenovo\.m2\repository\org\springframework\security\spring-security-web\6.4.13\spring-security-web-6.4.13.jar;C:\Users\lenovo\.m2\repository\org\springframework\spring-expression\6.2.14\spring-expression-6.2.14.jar;C:\Users\lenovo\.m2\repository\org\springframework\spring-web\6.2.14\spring-web-6.2.14.jar;C:\Users\lenovo\.m2\repository\org\springframework\cloud\spring-cloud-starter-gateway\4.2.7\spring-cloud-starter-gateway-4.2.7.jar;C:\Users\lenovo\.m2\repository\org\springframework\cloud\spring-cloud-starter\4.2.4\spring-cloud-starter-4.2.4.jar;C:\Users\lenovo\.m2\repository\org\springframework\cloud\spring-cloud-context\4.2.4\spring-cloud-context-4.2.4.jar;C:\Users\lenovo\.m2\repository\org\springframework\cloud\spring-cloud-commons\4.2.4\spring-cloud-commons-4.2.4.jar;C:\Users\lenovo\.m2\repository\org\bouncycastle\bcprov-jdk18on\1.78.1\bcprov-jdk18on-1.78.1.jar;C:\Users\lenovo\.m2\repository\org\springframework\cloud\spring-cloud-gateway-server\4.2.7\spring-cloud-gateway-server-4.2.7.jar;C:\Users\lenovo\.m2\repository\org\springframework\boot\spring-boot-starter-validation\3.4.12\spring-boot-starter-validation-3.4.12.jar;C:\Users\lenovo\.m2\repository\org\apache\tomcat\embed\tomcat-embed-el\10.1.49\tomcat-embed-el-10.1.49.jar;C:\Users\lenovo\.m2\repository\org\hibernate\validator\hibernate-validator\8.0.3.Final\hibernate-validator-8.0.3.Final.jar;C:\Users\lenovo\.m2\repository\jakarta\validation\jakarta.validation-api\3.0.2\jakarta.validation-api-3.0.2.jar;C:\Users\lenovo\.m2\repository\org\jboss\logging\jboss-logging\3.6.1.Final\jboss-logging-3.6.1.Final.jar;C:\Users\lenovo\.m2\repository\com\fasterxml\classmate\1.7.1\classmate-1.7.1.jar;C:\Users\lenovo\.m2\repository\io\projectreactor\addons\reactor-extra\3.5.4\reactor-extra-3.5.4.jar;C:\Users\lenovo\.m2\repository\io\projectreactor\reactor-core\3.7.13\reactor-core-3.7.13.jar;C:\Users\lenovo\.m2\repository\org\reactivestreams\reactive-streams\1.0.4\reactive-streams-1.0.4.jar;C:\Users\lenovo\.m2\repository\org\springframework\boot\spring-boot-starter-webflux\3.4.12\spring-boot-starter-webflux-3.4.12.jar;C:\Users\lenovo\.m2\repository\org\springframework\boot\spring-boot-starter-json\3.4.12\spring-boot-starter-json-3.4.12.jar;C:\Users\lenovo\.m2\repository\com\fasterxml\jackson\datatype\jackson-datatype-jdk8\2.18.5\jackson-datatype-jdk8-2.18.5.jar;C:\Users\lenovo\.m2\repository\com\fasterxml\jackson\datatype\jackson-datatype-jsr310\2.18.5\jackson-datatype-jsr310-2.18.5.jar;C:\Users\lenovo\.m2\repository\com\fasterxml\jackson\module\jackson-module-parameter-names\2.18.5\jackson-module-parameter-names-2.18.5.jar;C:\Users\lenovo\.m2\repository\org\springframework\boot\spring-boot-starter-reactor-netty\3.4.12\spring-boot-starter-reactor-netty-3.4.12.jar;C:\Users\lenovo\.m2\repository\io\projectreactor\netty\reactor-netty-http\1.2.12\reactor-netty-http-1.2.12.jar;C:\Users\lenovo\.m2\repository\io\netty\netty-codec-http\4.1.128.Final\netty-codec-http-4.1.128.Final.jar;C:\Users\lenovo\.m2\repository\io\netty\netty-common\4.1.128.Final\netty-common-4.1.128.Final.jar;C:\Users\lenovo\.m2\repository\io\netty\netty-buffer\4.1.128.Final\netty-buffer-4.1.128.Final.jar;C:\Users\lenovo\.m2\repository\io\netty\netty-transport\4.1.128.Final\netty-transport-4.1.128.Final.jar;C:\Users\lenovo\.m2\repository\io\netty\netty-codec\4.1.128.Final\netty-codec-4.1.128.Final.jar;C:\Users\lenovo\.m2\repository\io\netty\netty-handler\4.1.128.Final\netty-handler-4.1.128.Final.jar;C:\Users\lenovo\.m2\repository\io\netty\netty-codec-http2\4.1.128.Final\netty-codec-http2-4.1.128.Final.jar;C:\Users\lenovo\.m2\repository\io\netty\netty-resolver-dns\4.1.128.Final\netty-resolver-dns-4.1.128.Final.jar;C:\Users\lenovo\.m2\repository\io\netty\netty-resolver\4.1.128.Final\netty-resolver-4.1.128.Final.jar;C:\Users\lenovo\.m2\repository\io\netty\netty-codec-dns\4.1.128.Final\netty-codec-dns-4.1.128.Final.jar;C:\Users\lenovo\.m2\repository\io\netty\netty-resolver-dns-native-macos\4.1.128.Final\netty-resolver-dns-native-macos-4.1.128.Final-osx-x86_64.jar;C:\Users\lenovo\.m2\repository\io\netty\netty-resolver-dns-classes-macos\4.1.128.Final\netty-resolver-dns-classes-macos-4.1.128.Final.jar;C:\Users\lenovo\.m2\repository\io\netty\netty-transport-native-epoll\4.1.128.Final\netty-transport-native-epoll-4.1.128.Final-linux-x86_64.jar;C:\Users\lenovo\.m2\repository\io\netty\netty-transport-native-unix-common\4.1.128.Final\netty-transport-native-unix-common-4.1.128.Final.jar;C:\Users\lenovo\.m2\repository\io\netty\netty-transport-classes-epoll\4.1.128.Final\netty-transport-classes-epoll-4.1.128.Final.jar;C:\Users\lenovo\.m2\repository\io\projectreactor\netty\reactor-netty-core\1.2.12\reactor-netty-core-1.2.12.jar;C:\Users\lenovo\.m2\repository\io\netty\netty-handler-proxy\4.1.128.Final\netty-handler-proxy-4.1.128.Final.jar;C:\Users\lenovo\.m2\repository\io\netty\netty-codec-socks\4.1.128.Final\netty-codec-socks-4.1.128.Final.jar;C:\Users\lenovo\.m2\repository\org\springframework\spring-webflux\6.2.14\spring-webflux-6.2.14.jar;C:\Users\lenovo\.m2\repository\org\projectlombok\lombok\1.18.42\lombok-1.18.42.jar;C:\Users\lenovo\.m2\repository\io\jsonwebtoken\jjwt-api\0.12.6\jjwt-api-0.12.6.jar;C:\Users\lenovo\.m2\repository\io\jsonwebtoken\jjwt-impl\0.12.6\jjwt-impl-0.12.6.jar;C:\Users\lenovo\.m2\repository\io\jsonwebtoken\jjwt-jackson\0.12.6\jjwt-jackson-0.12.6.jar;C:\Users\lenovo\.m2\repository\com\fasterxml\jackson\core\jackson-databind\2.18.5\jackson-databind-2.18.5.jar;C:\Users\lenovo\.m2\repository\com\fasterxml\jackson\core\jackson-annotations\2.18.5\jackson-annotations-2.18.5.jar;C:\Users\lenovo\.m2\repository\com\fasterxml\jackson\core\jackson-core\2.18.5\jackson-core-2.18.5.jar;C:\Users\lenovo\.m2\repository\org\springframework\cloud\spring-cloud-starter-netflix-eureka-client\4.2.3\spring-cloud-starter-netflix-eureka-client-4.2.3.jar;C:\Users\lenovo\.m2\repository\org\springframework\cloud\spring-cloud-netflix-eureka-client\4.2.3\spring-cloud-netflix-eureka-client-4.2.3.jar;C:\Users\lenovo\.m2\repository\org\apache\httpcomponents\client5\httpclient5\5.4.4\httpclient5-5.4.4.jar;C:\Users\lenovo\.m2\repository\org\apache\httpcomponents\core5\httpcore5\5.3.6\httpcore5-5.3.6.jar;C:\Users\lenovo\.m2\repository\org\apache\httpcomponents\core5\httpcore5-h2\5.3.6\httpcore5-h2-5.3.6.jar;C:\Users\lenovo\.m2\repository\com\netflix\eureka\eureka-client\2.0.5\eureka-client-2.0.5.jar;C:\Users\lenovo\.m2\repository\com\thoughtworks\xstream\xstream\1.4.21\xstream-1.4.21.jar;C:\Users\lenovo\.m2\repository\io\github\x-stream\mxparser\1.2.2\mxparser-1.2.2.jar;C:\Users\lenovo\.m2\repository\xmlpull\xmlpull\1.1.3.1\xmlpull-1.1.3.1.jar;C:\Users\lenovo\.m2\repository\jakarta\ws\rs\jakarta.ws.rs-api\3.1.0\jakarta.ws.rs-api-3.1.0.jar;C:\Users\lenovo\.m2\repository\jakarta\inject\jakarta.inject-api\2.0.1\jakarta.inject-api-2.0.1.jar;C:\Users\lenovo\.m2\repository\com\netflix\spectator\spectator-api\1.7.3\spectator-api-1.7.3.jar;C:\Users\lenovo\.m2\repository\org\slf4j\slf4j-api\2.0.17\slf4j-api-2.0.17.jar;C:\Users\lenovo\.m2\repository\org\apache\httpcomponents\httpclient\4.5.3\httpclient-4.5.3.jar;C:\Users\lenovo\.m2\repository\org\apache\httpcomponents\httpcore\4.4.16\httpcore-4.4.16.jar;C:\Users\lenovo\.m2\repository\commons-codec\commons-codec\1.17.2\commons-codec-1.17.2.jar;C:\Users\lenovo\.m2\repository\commons-configuration\commons-configuration\1.10\commons-configuration-1.10.jar;C:\Users\lenovo\.m2\repository\commons-lang\commons-lang\2.6\commons-lang-2.6.jar;C:\Users\lenovo\.m2\repository\com\netflix\netflix-commons\netflix-eventbus\0.3.0\netflix-eventbus-0.3.0.jar;C:\Users\lenovo\.m2\repository\com\netflix\netflix-commons\netflix-infix\0.3.0\netflix-infix-0.3.0.jar;C:\Users\lenovo\.m2\repository\commons-jxpath\commons-jxpath\1.3\commons-jxpath-1.3.jar;C:\Users\lenovo\.m2\repository\joda-time\joda-time\2.3\joda-time-2.3.jar;C:\Users\lenovo\.m2\repository\org\antlr\antlr-runtime\3.4\antlr-runtime-3.4.jar;C:\Users\lenovo\.m2\repository\org\antlr\stringtemplate\3.2.1\stringtemplate-3.2.1.jar;C:\Users\lenovo\.m2\repository\antlr\antlr\2.7.7\antlr-2.7.7.jar;C:\Users\lenovo\.m2\repository\com\google\code\gson\gson\2.11.0\gson-2.11.0.jar;C:\Users\lenovo\.m2\repository\com\google\errorprone\error_prone_annotations\2.27.0\error_prone_annotations-2.27.0.jar;C:\Users\lenovo\.m2\repository\com\netflix\servo\servo-core\0.5.3\servo-core-0.5.3.jar;C:\Users\lenovo\.m2\repository\org\apache\commons\commons-math\2.2\commons-math-2.2.jar;C:\Users\lenovo\.m2\repository\javax\annotation\javax.annotation-api\1.2\javax.annotation-api-1.2.jar;C:\Users\lenovo\.m2\repository\org\codehaus\jettison\jettison\1.5.4\jettison-1.5.4.jar;C:\Users\lenovo\.m2\repository\org\springframework\cloud\spring-cloud-starter-loadbalancer\4.2.4\spring-cloud-starter-loadbalancer-4.2.4.jar;C:\Users\lenovo\.m2\repository\org\springframework\cloud\spring-cloud-loadbalancer\4.2.4\spring-cloud-loadbalancer-4.2.4.jar;C:\Users\lenovo\.m2\repository\org\springframework\boot\spring-boot-starter-cache\3.4.12\spring-boot-starter-cache-3.4.12.jar;C:\Users\lenovo\.m2\repository\org\springframework\spring-context-support\6.2.14\spring-context-support-6.2.14.jar;C:\Users\lenovo\.m2\repository\com\stoyanr\evictor\1.0.0\evictor-1.0.0.jar;C:\Users\lenovo\.m2\repository\org\springframework\spring-core\6.2.14\spring-core-6.2.14.jar;C:\Users\lenovo\.m2\repository\org\springframework\spring-jcl\6.2.14\spring-jcl-6.2.14.jar;C:\Users\lenovo\.m2\repository\org\springframework\security\spring-security-core\6.4.13\spring-security-core-6.4.13.jar;C:\Users\lenovo\.m2\repository\org\springframework\security\spring-security-crypto\6.4.13\spring-security-crypto-6.4.13.jar;C:\Users\lenovo\.m2\repository\io\micrometer\micrometer-observation\1.14.13\micrometer-observation-1.14.13.jar;C:\Users\lenovo\.m2\repository\io\micrometer\micrometer-commons\1.14.13\micrometer-commons-1.14.13.jar
Launcher Type: SUN_STANDARD

[Global flags]
     intx CICompilerCount                          = 4                                         {product} {ergonomic}
     uint ConcGCThreads                            = 2                                         {product} {ergonomic}
     uint G1ConcRefinementThreads                  = 8                                         {product} {ergonomic}
   size_t G1HeapRegionSize                         = 1048576                                   {product} {ergonomic}
   size_t InitialHeapSize                          = 132120576                                 {product} {ergonomic}
   size_t MarkStackSize                            = 4194304                                   {product} {ergonomic}
   size_t MarkStackSizeMax                         = 536870912                                 {product} {ergonomic}
   size_t MaxHeapSize                              = 2095054848                                {product} {ergonomic}
   size_t MaxNewSize                               = 1256194048                                {product} {ergonomic}
   size_t MinHeapDeltaBytes                        = 1048576                                   {product} {ergonomic}
   size_t MinHeapSize                              = 8388608                                   {product} {ergonomic}
    uintx NonNMethodCodeHeapSize                   = 5832704                                {pd product} {ergonomic}
    uintx NonProfiledCodeHeapSize                  = 122945536                              {pd product} {ergonomic}
    uintx ProfiledCodeHeapSize                     = 122880000                              {pd product} {ergonomic}
    uintx ReservedCodeCacheSize                    = 251658240                              {pd product} {ergonomic}
     bool SegmentedCodeCache                       = true                                      {product} {ergonomic}
   size_t SoftMaxHeapSize                          = 2095054848                             {manageable} {ergonomic}
     bool UseCompressedOops                        = true                           {product lp64_product} {ergonomic}
     bool UseG1GC                                  = true                                      {product} {ergonomic}
     bool UseLargePagesIndividualAllocation        = false                                  {pd product} {ergonomic}

Logging:
Log output configuration:
 #0: stdout all=warning uptime,level,tags foldmultilines=false
 #1: stderr all=off uptime,level,tags foldmultilines=false

Release file:
IMPLEMENTOR="Oracle Corporation" 
JAVA_RUNTIME_VERSION="25+36-3489" 
JAVA_VERSION="25" 
JAVA_VERSION_DATE="2025-09-16" 
LIBC="default" 
MODULES="java.base java.compiler java.datatransfer java.xml java.prefs java.desktop java.instrument java.logging java.management java.security.sasl java.naming java.rmi java.management.rmi java.net.http java.scripting java.security.jgss java.transaction.xa java.sql java.sql.rowset java.xml.crypto java.se java.smartcardio jdk.accessibility jdk.internal.jvmstat jdk.attach jdk.charsets jdk.internal.opt jdk.zipfs jdk.compiler jdk.crypto.cryptoki jdk.crypto.ec jdk.crypto.mscapi jdk.dynalink jdk.internal.ed jdk.editpad jdk.internal.vm.ci jdk.graal.compiler jdk.graal.compiler.management jdk.hotspot.agent jdk.httpserver jdk.incubator.vector jdk.internal.le jdk.internal.md jdk.jartool jdk.javadoc jdk.jcmd jdk.management jdk.management.agent jdk.jconsole jdk.jdeps jdk.jdwp.agent jdk.jdi jdk.jfr jdk.jlink jdk.jpackage jdk.jshell jdk.jsobject jdk.jstatd jdk.localedata jdk.management.jfr jdk.naming.dns jdk.naming.rmi jdk.net jdk.nio.mapmode jdk.sctp jdk.security.auth jdk.security.jgss jdk.unsupported jdk.unsupported.desktop jdk.xml.dom" 
OS_ARCH="x86_64" 
OS_NAME="Windows" 
SOURCE=".:git:6c48f4ed707b" 

Environment Variables:
PATH=D:\new_folder\installations\py3\Scripts\;D:\new_folder\installations\py3\;C:\Program Files\Common Files\Oracle\Java\javapath;C:\WINDOWS\system32;C:\WINDOWS;C:\WINDOWS\System32\Wbem;C:\WINDOWS\System32\WindowsPowerShell\v1.0\;C:\WINDOWS\System32\OpenSSH\;C:\Users\lenovo\AppData\Roaming\nvm;C:\Program Files\nodejs;C:\Program Files\Git\cmd;C:\Program Files\Amazon\AWSCLIV2\;C:\ProgramData\chocolatey\bin;d:\new_folder\installations\cursor\resources\app\bin;C:\Program Files\Docker\Docker\resources\bin;C:\Users\lenovo\.cargo\bin;C:\Users\lenovo\AppData\Local\Microsoft\WindowsApps;C:\Users\lenovo\AppData\Local\Programs\Microsoft VS Code\bin;C:\Users\lenovo\AppData\Roaming\npm;C:\Users\lenovo\AppData\Roaming\nvm;C:\Program Files\nodejs;;D:\intelliJ\IntelliJ IDEA Community Edition 2025.1.2\bin;;C:\Users\lenovo\AppData\Local\Programs\Kiro\bin
USERNAME=lenovo
OS=Windows_NT
PROCESSOR_IDENTIFIER=Intel64 Family 6 Model 140 Stepping 1, GenuineIntel
TMP=C:\Users\lenovo\AppData\Local\Temp
TEMP=C:\Users\lenovo\AppData\Local\Temp




Compilation memory statistics disabled.

Periodic native trim disabled

---------------  S Y S T E M  ---------------

OS:
 Windows 11 , 64 bit Build 26100 (10.0.26100.7309)
OS uptime: 14 days 4:31 hours
Hyper-V role detected

CPU: total 8 (initial active 8) (4 cores per cpu, 2 threads per core) family 6 model 140 stepping 1 microcode 0x8a, cx8, cmov, fxsr, ht, mmx, 3dnowpref, sse, sse2, sse3, ssse3, sse4.1, sse4.2, popcnt, lzcnt, tsc, tscinvbit, avx, avx2, aes, erms, clmul, bmi1, bmi2, adx, avx512f, avx512dq, avx512cd, avx512bw, avx512vl, sha, fma, vzeroupper, avx512_vpopcntdq, avx512_vpclmulqdq, avx512_vaes, avx512_vnni, clflush, clflushopt, clwb, avx512_vbmi2, avx512_vbmi, hv, rdtscp, rdpid, fsrm, gfni, avx512_bitalg, f16c, cet_ibt, cet_ss, avx512_ifma
Processor Information for processor 0
  Max Mhz: 2419, Current Mhz: 2419, Mhz Limit: 2419
Processor Information for processor 1
  Max Mhz: 2419, Current Mhz: 1007, Mhz Limit: 2419
Processor Information for processor 2
  Max Mhz: 2419, Current Mhz: 2419, Mhz Limit: 2419
Processor Information for processor 3
  Max Mhz: 2419, Current Mhz: 1007, Mhz Limit: 2419
Processor Information for processor 4
  Max Mhz: 2419, Current Mhz: 2419, Mhz Limit: 2419
Processor Information for processor 5
  Max Mhz: 2419, Current Mhz: 1007, Mhz Limit: 2419
Processor Information for processor 6
  Max Mhz: 2419, Current Mhz: 2419, Mhz Limit: 2419
Processor Information for processor 7
  Max Mhz: 2419, Current Mhz: 2419, Mhz Limit: 2419

Memory: 4k page, system-wide physical 7991M (544M free)
TotalPageFile size 32567M (AvailPageFile size 72M)
current process WorkingSet (physical memory assigned to process): 52M, peak: 256M
current process commit charge ("private bytes"): 253M, peak: 302M

vm_info: OpenJDK 64-Bit Server VM (25+36-3489) for windows-amd64 JRE (25+36-3489), built on 2025-08-12T17:19:28Z with unknown MS VC++:1943

END.
